type octile
height 29
width 45
map
TTTTTTTTTTTTTTTTTTTTTTTTTTTTTTTTTTTTTTTTTTTTT
T.........T.......................T.........T
T.................................T.........T
T.........T.......................T.........T
T........TTT.....................TTT........T
T........TTT.....................TTT........T
T........TTT.....................TTT........T
T........TTT.....................TTT........T
T........TTT.....................TTT........T
T........TTTTTTTTTTTTTTTTTTTTTTTTTTT........T
T...........................................T
T...........................................T
T...........................................T
T...........................................T
T...........................................T
T...........................................T
T........TTT.....................TTT........T
T........TTT.....................TTT........T
T........TTT.....................TTT........T
T........TTT.....................TTT........T
T........TTT.....................TTT........T
T........TTTTTTTTTTTTTTTTTTTTTTTTTTT........T
T...........................................T
T...........................................T
T...........................................T
T...........................................T
T...........................................T
T...........................................T
TTTTTTTTTTTTTTTTTTTTTTTTTTTTTTTTTTTTTTTTTTTTT
